AR trigger_recv_blk behavioral D:/cbradford/PulsePerPackage/GEL_CAPTAN/trigger_recv_blk.vhd sub00/vhpl61 1491593075
AR peakfinder behavioral D:/cbradford/PulsePerPackage/GEL_CAPTAN/PeakFinder.vhd sub00/vhpl77 1491593091
EN address_container NULL D:/cbradford/PulsePerPackage/oei/address_container.vhd sub00/vhpl02 1491593016
AR m2_1_mxilinx_top_level behavioral D:/cbradford/PulsePerPackage/GEL_CAPTAN/TOP_LEVEL.vhf sub00/vhpl85 1491593099
EN ethernet_controller NULL D:/cbradford/PulsePerPackage/oei/ethernet_controller.vhd sub00/vhpl40 1491593054
AR reset_mgr behavioral D:/cbradford/PulsePerPackage/oei/reset_mgr.vhd sub00/vhpl53 1491593067
EN filter_data_out NULL D:/cbradford/PulsePerPackage/oei/filter_data_out.vhd sub00/vhpl16 1491593030
PH params_package NULL D:/cbradford/PulsePerPackage/oei/params_package.vhd sub00/vhpl00 1491593014
EN ethernet_controller_wrapper NULL D:/cbradford/PulsePerPackage/oei/ethernet_controller_wrapper.vhd sub00/vhpl46 1491593060
AR addr_fifo addr_fifo_a D:/cbradford/PulsePerPackage/ipcore_dir/ADDR_FIFO.vhd sub00/vhpl31 1491593045
EN reset_mgr NULL D:/cbradford/PulsePerPackage/oei/reset_mgr.vhd sub00/vhpl52 1491593066
AR ram_comm_dec arch D:/cbradford/PulsePerPackage/oei/ram_comm_dec.vhd sub00/vhpl37 1491593051
EN ip_checksum_calc NULL D:/cbradford/PulsePerPackage/oei/ip_checksum_calc.vhd sub00/vhpl08 1491593022
EN data_manager NULL D:/cbradford/PulsePerPackage/oei/data_manager.vhd sub00/vhpl48 1491593062
EN fd8re_mxilinx_top_level NULL D:/cbradford/PulsePerPackage/GEL_CAPTAN/TOP_LEVEL.vhf sub00/vhpl80 1491593094
EN burst_controller_sm NULL D:/cbradford/PulsePerPackage/oei/burst_controller_sm.vhd sub00/vhpl32 1491593046
AR buffer_10bit behavioral D:/cbradford/PulsePerPackage/GEL_CAPTAN/buffer_10bit.vhd sub00/vhpl59 1491593073
EN dataout_mux NULL D:/cbradford/PulsePerPackage/oei/dataout_mux.vhd sub00/vhpl12 1491593026
AR burst_traffic_controller burst_traffic_controller_arch D:/cbradford/PulsePerPackage/oei/burst_traffic_controller.vhd sub00/vhpl51 1491593065
AR version_blk behavioral D:/cbradford/PulsePerPackage/GEL_CAPTAN/VERSION_BLK.vhd sub00/vhpl55 1491593069
EN data_fifo_0 NULL D:/cbradford/PulsePerPackage/ipcore_dir/DATA_FIFO_0.vhd sub00/vhpl26 1491593040
AR udp_data_splicer udp_data_splicer_arch D:/cbradford/PulsePerPackage/oei/udp_data_splicer.vhd sub00/vhpl23 1491593037
AR address_container arch D:/cbradford/PulsePerPackage/oei/address_container.vhd sub00/vhpl03 1491593017
EN or33 NULL D:/cbradford/PulsePerPackage/oei/or33.vhd sub00/vhpl06 1491593020
AR mux64_8 behavioral D:/cbradford/PulsePerPackage/GEL_CAPTAN/MUX64_8.vhd sub00/vhpl57 1491593071
AR top_level behavioral D:/cbradford/PulsePerPackage/GEL_CAPTAN/TOP_LEVEL.vhf sub00/vhpl89 1491593103
EN d4_16e_mxilinx_top_level NULL D:/cbradford/PulsePerPackage/GEL_CAPTAN/TOP_LEVEL.vhf sub00/vhpl86 1491593100
EN adc_fifo NULL D:/cbradford/PulsePerPackage/GEL_CAPTAN/ipcore_dir/ADC_FIFO.vhd sub00/vhpl74 1491593088
AR tx_seq_ctl arch D:/cbradford/PulsePerPackage/oei/tx_seq_ctl.vhd sub00/vhpl39 1491593053
AR ethernet_fifo ethernet_fifo_a D:/cbradford/PulsePerPackage/GEL_CAPTAN/ipcore_dir/ethernet_FIFO.vhd sub00/vhpl67 1491593081
AR icmp_ping_shift_reg arch D:/cbradford/PulsePerPackage/oei/icmp_ping_shift_reg.vhd sub00/vhpl21 1491593035
AR fd16re_mxilinx_top_level behavioral D:/cbradford/PulsePerPackage/GEL_CAPTAN/TOP_LEVEL.vhf sub00/vhpl83 1491593097
AR clocklatchsignals behavioral D:/cbradford/PulsePerPackage/GEL_CAPTAN/ClockLatchSignals.vhd sub00/vhpl73 1491593087
AR decipherer decipherer_arch D:/cbradford/PulsePerPackage/oei/decipherer.vhd sub00/vhpl15 1491593029
EN ram_comm_dec NULL D:/cbradford/PulsePerPackage/oei/ram_comm_dec.vhd sub00/vhpl36 1491593050
EN tx_seq_ctl NULL D:/cbradford/PulsePerPackage/oei/tx_seq_ctl.vhd sub00/vhpl38 1491593052
AR ethernet_controller_wrapper arch D:/cbradford/PulsePerPackage/oei/ethernet_controller_wrapper.vhd sub00/vhpl47 1491593061
AR adc_fifo adc_fifo_a D:/cbradford/PulsePerPackage/GEL_CAPTAN/ipcore_dir/ADC_FIFO.vhd sub00/vhpl75 1491593089
EN rx_ctl NULL D:/cbradford/PulsePerPackage/oei/rx_ctl.vhd sub00/vhpl34 1491593048
AR filter_data_out filter_data_out_arch D:/cbradford/PulsePerPackage/oei/filter_data_out.vhd sub00/vhpl17 1491593031
AR psudocounter behavioral D:/cbradford/PulsePerPackage/GEL_CAPTAN/PsudoCounter.vhd sub00/vhpl79 1491593093
MO crc_gen NULL ../oei/crc_gen.v vlg21/crc__gen.bin 1491593016
EN pulser NULL D:/cbradford/PulsePerPackage/GEL_CAPTAN/Pulser.vhd sub00/vhpl64 1491593078
AR info_fifo_0 info_fifo_0_a D:/cbradford/PulsePerPackage/ipcore_dir/INFO_FIFO_0.vhd sub00/vhpl29 1491593043
AR pulser behavioral D:/cbradford/PulsePerPackage/GEL_CAPTAN/Pulser.vhd sub00/vhpl65 1491593079
AR psudo_data_allone behavioral D:/cbradford/PulsePerPackage/GEL_CAPTAN/psudo_data_allOne.vhd sub00/vhpl71 1491593085
EN version_blk NULL D:/cbradford/PulsePerPackage/GEL_CAPTAN/VERSION_BLK.vhd sub00/vhpl54 1491593068
AR data_send behavioral D:/cbradford/PulsePerPackage/GEL_CAPTAN/data_send.vhd sub00/vhpl69 1491593083
AR rx_ctl arch D:/cbradford/PulsePerPackage/oei/rx_ctl.vhd sub00/vhpl35 1491593049
EN peakfinder NULL D:/cbradford/PulsePerPackage/GEL_CAPTAN/PeakFinder.vhd sub00/vhpl76 1491593090
AR data_fifo_0 data_fifo_0_a D:/cbradford/PulsePerPackage/ipcore_dir/DATA_FIFO_0.vhd sub00/vhpl27 1491593041
AR ip_checksum_calc arch D:/cbradford/PulsePerPackage/oei/ip_checksum_calc.vhd sub00/vhpl09 1491593023
EN create_packet NULL D:/cbradford/PulsePerPackage/oei/create_packet.vhd sub00/vhpl10 1491593024
AR burst_controller_sm burst_controller_sm_arch D:/cbradford/PulsePerPackage/oei/burst_controller_sm.vhd sub00/vhpl33 1491593047
AR crc_splice arch D:/cbradford/PulsePerPackage/oei/crc_splice.vhd sub00/vhpl45 1491593059
AR d4_16e_mxilinx_top_level behavioral D:/cbradford/PulsePerPackage/GEL_CAPTAN/TOP_LEVEL.vhf sub00/vhpl87 1491593101
AR fd8re_mxilinx_top_level behavioral D:/cbradford/PulsePerPackage/GEL_CAPTAN/TOP_LEVEL.vhf sub00/vhpl81 1491593095
EN icmp_ping_shift_reg NULL D:/cbradford/PulsePerPackage/oei/icmp_ping_shift_reg.vhd sub00/vhpl20 1491593034
EN ethernet_fifo NULL D:/cbradford/PulsePerPackage/GEL_CAPTAN/ipcore_dir/ethernet_FIFO.vhd sub00/vhpl66 1491593080
AR ethernet_controller arch D:/cbradford/PulsePerPackage/oei/ethernet_controller.vhd sub00/vhpl41 1491593055
EN data_send NULL D:/cbradford/PulsePerPackage/GEL_CAPTAN/data_send.vhd sub00/vhpl68 1491593082
EN psudocounter NULL D:/cbradford/PulsePerPackage/GEL_CAPTAN/PsudoCounter.vhd sub00/vhpl78 1491593092
EN psudo_data_allone NULL D:/cbradford/PulsePerPackage/GEL_CAPTAN/psudo_data_allOne.vhd sub00/vhpl70 1491593084
EN icmp_ping_checksum_calc NULL D:/cbradford/PulsePerPackage/oei/icmp_ping_checksum_calc.vhd sub00/vhpl18 1491593032
AR icmp_ping_checksum_calc icmp_ping_checksum_calc_arch D:/cbradford/PulsePerPackage/oei/icmp_ping_checksum_calc.vhd sub00/vhpl19 1491593033
AR user_addrs_mux user_addrs_mux_arch D:/cbradford/PulsePerPackage/oei/user_addrs_mux.vhd sub00/vhpl25 1491593039
EN m2_1_mxilinx_top_level NULL D:/cbradford/PulsePerPackage/GEL_CAPTAN/TOP_LEVEL.vhf sub00/vhpl84 1491593098
EN buffer_10bit NULL D:/cbradford/PulsePerPackage/GEL_CAPTAN/buffer_10bit.vhd sub00/vhpl58 1491593072
AR create_packet create_packet_arch D:/cbradford/PulsePerPackage/oei/create_packet.vhd sub00/vhpl11 1491593025
EN burst_traffic_controller NULL D:/cbradford/PulsePerPackage/oei/burst_traffic_controller.vhd sub00/vhpl50 1491593064
AR or33 or33_arch D:/cbradford/PulsePerPackage/oei/or33.vhd sub00/vhpl07 1491593021
AR arp_reply arp_reply_arch D:/cbradford/PulsePerPackage/oei/arp_reply.vhd sub00/vhpl05 1491593019
EN user_addrs_mux NULL D:/cbradford/PulsePerPackage/oei/user_addrs_mux.vhd sub00/vhpl24 1491593038
EN trigger_recv_blk NULL D:/cbradford/PulsePerPackage/GEL_CAPTAN/trigger_recv_blk.vhd sub00/vhpl60 1491593074
EN mii_100_1000_handler NULL D:/cbradford/PulsePerPackage/oei/xmii_handler.vhd sub00/vhpl42 1491593056
EN crc_splice NULL D:/cbradford/PulsePerPackage/oei/crc_splice.vhd sub00/vhpl44 1491593058
AR ethernet_interface behavioral D:/cbradford/PulsePerPackage/oei/ethernet_interface.vhd sub00/vhpl63 1491593077
EN ethernet_interface NULL D:/cbradford/PulsePerPackage/oei/ethernet_interface.vhd sub00/vhpl62 1491593076
EN fd16re_mxilinx_top_level NULL D:/cbradford/PulsePerPackage/GEL_CAPTAN/TOP_LEVEL.vhf sub00/vhpl82 1491593096
EN udp_data_splicer NULL D:/cbradford/PulsePerPackage/oei/udp_data_splicer.vhd sub00/vhpl22 1491593036
AR dataout_mux dataout_mux_arch D:/cbradford/PulsePerPackage/oei/dataout_mux.vhd sub00/vhpl13 1491593027
AR data_manager behavioral D:/cbradford/PulsePerPackage/oei/data_manager.vhd sub00/vhpl49 1491593063
EN info_fifo_0 NULL D:/cbradford/PulsePerPackage/ipcore_dir/INFO_FIFO_0.vhd sub00/vhpl28 1491593042
EN arp_reply NULL D:/cbradford/PulsePerPackage/oei/arp_reply.vhd sub00/vhpl04 1491593018
MO crc_chk NULL ../oei/crc_chk.v vlg49/crc__chk.bin 1491593016
AR mii_100_1000_handler arch D:/cbradford/PulsePerPackage/oei/xmii_handler.vhd sub00/vhpl43 1491593057
PB params_package params_package D:/cbradford/PulsePerPackage/oei/params_package.vhd sub00/vhpl01 1491593015
EN mux64_8 NULL D:/cbradford/PulsePerPackage/GEL_CAPTAN/MUX64_8.vhd sub00/vhpl56 1491593070
EN top_level NULL D:/cbradford/PulsePerPackage/GEL_CAPTAN/TOP_LEVEL.vhf sub00/vhpl88 1491593102
EN decipherer NULL D:/cbradford/PulsePerPackage/oei/decipherer.vhd sub00/vhpl14 1491593028
EN addr_fifo NULL D:/cbradford/PulsePerPackage/ipcore_dir/ADDR_FIFO.vhd sub00/vhpl30 1491593044
EN clocklatchsignals NULL D:/cbradford/PulsePerPackage/GEL_CAPTAN/ClockLatchSignals.vhd sub00/vhpl72 1491593086
