AR trigger_recv_blk behavioral D:/cbradford/PulsePerPackage/GEL_CAPTAN/trigger_recv_blk.vhd sub00/vhpl61 1493409767
AR peakfinder behavioral D:/cbradford/PulsePerPackage/GEL_CAPTAN/PeakFinder.vhd sub00/vhpl77 1493409783
EN address_container NULL D:/cbradford/PulsePerPackage/oei/address_container.vhd sub00/vhpl02 1493409708
AR m2_1_mxilinx_top_level behavioral D:/cbradford/PulsePerPackage/GEL_CAPTAN/TOP_LEVEL.vhf sub00/vhpl85 1493409791
EN ethernet_controller NULL D:/cbradford/PulsePerPackage/oei/ethernet_controller.vhd sub00/vhpl40 1493409746
AR reset_mgr behavioral D:/cbradford/PulsePerPackage/oei/reset_mgr.vhd sub00/vhpl53 1493409759
EN filter_data_out NULL D:/cbradford/PulsePerPackage/oei/filter_data_out.vhd sub00/vhpl16 1493409722
PH params_package NULL D:/cbradford/PulsePerPackage/oei/params_package.vhd sub00/vhpl00 1493409706
EN ethernet_controller_wrapper NULL D:/cbradford/PulsePerPackage/oei/ethernet_controller_wrapper.vhd sub00/vhpl46 1493409752
AR addr_fifo addr_fifo_a D:/cbradford/PulsePerPackage/ipcore_dir/ADDR_FIFO.vhd sub00/vhpl31 1493409737
EN reset_mgr NULL D:/cbradford/PulsePerPackage/oei/reset_mgr.vhd sub00/vhpl52 1493409758
AR ram_comm_dec arch D:/cbradford/PulsePerPackage/oei/ram_comm_dec.vhd sub00/vhpl37 1493409743
EN ip_checksum_calc NULL D:/cbradford/PulsePerPackage/oei/ip_checksum_calc.vhd sub00/vhpl08 1493409714
EN data_manager NULL D:/cbradford/PulsePerPackage/oei/data_manager.vhd sub00/vhpl48 1493409754
EN fd8re_mxilinx_top_level NULL D:/cbradford/PulsePerPackage/GEL_CAPTAN/TOP_LEVEL.vhf sub00/vhpl80 1493409786
EN burst_controller_sm NULL D:/cbradford/PulsePerPackage/oei/burst_controller_sm.vhd sub00/vhpl32 1493409738
AR buffer_10bit behavioral D:/cbradford/PulsePerPackage/GEL_CAPTAN/buffer_10bit.vhd sub00/vhpl59 1493409765
EN dataout_mux NULL D:/cbradford/PulsePerPackage/oei/dataout_mux.vhd sub00/vhpl12 1493409718
AR burst_traffic_controller burst_traffic_controller_arch D:/cbradford/PulsePerPackage/oei/burst_traffic_controller.vhd sub00/vhpl51 1493409757
AR version_blk behavioral D:/cbradford/PulsePerPackage/GEL_CAPTAN/VERSION_BLK.vhd sub00/vhpl55 1493409761
EN data_fifo_0 NULL D:/cbradford/PulsePerPackage/ipcore_dir/DATA_FIFO_0.vhd sub00/vhpl26 1493409732
AR udp_data_splicer udp_data_splicer_arch D:/cbradford/PulsePerPackage/oei/udp_data_splicer.vhd sub00/vhpl23 1493409729
AR address_container arch D:/cbradford/PulsePerPackage/oei/address_container.vhd sub00/vhpl03 1493409709
EN or33 NULL D:/cbradford/PulsePerPackage/oei/or33.vhd sub00/vhpl06 1493409712
AR mux64_8 behavioral D:/cbradford/PulsePerPackage/GEL_CAPTAN/MUX64_8.vhd sub00/vhpl57 1493409763
AR top_level behavioral D:/cbradford/PulsePerPackage/GEL_CAPTAN/TOP_LEVEL.vhf sub00/vhpl89 1493409795
EN d4_16e_mxilinx_top_level NULL D:/cbradford/PulsePerPackage/GEL_CAPTAN/TOP_LEVEL.vhf sub00/vhpl86 1493409792
EN adc_fifo NULL D:/cbradford/PulsePerPackage/GEL_CAPTAN/ipcore_dir/ADC_FIFO.vhd sub00/vhpl74 1493409780
AR tx_seq_ctl arch D:/cbradford/PulsePerPackage/oei/tx_seq_ctl.vhd sub00/vhpl39 1493409745
AR ethernet_fifo ethernet_fifo_a D:/cbradford/PulsePerPackage/GEL_CAPTAN/ipcore_dir/ethernet_FIFO.vhd sub00/vhpl67 1493409773
AR icmp_ping_shift_reg arch D:/cbradford/PulsePerPackage/oei/icmp_ping_shift_reg.vhd sub00/vhpl21 1493409727
AR fd16re_mxilinx_top_level behavioral D:/cbradford/PulsePerPackage/GEL_CAPTAN/TOP_LEVEL.vhf sub00/vhpl83 1493409789
AR clocklatchsignals behavioral D:/cbradford/PulsePerPackage/GEL_CAPTAN/ClockLatchSignals.vhd sub00/vhpl73 1493409779
AR decipherer decipherer_arch D:/cbradford/PulsePerPackage/oei/decipherer.vhd sub00/vhpl15 1493409721
EN ram_comm_dec NULL D:/cbradford/PulsePerPackage/oei/ram_comm_dec.vhd sub00/vhpl36 1493409742
EN tx_seq_ctl NULL D:/cbradford/PulsePerPackage/oei/tx_seq_ctl.vhd sub00/vhpl38 1493409744
AR ethernet_controller_wrapper arch D:/cbradford/PulsePerPackage/oei/ethernet_controller_wrapper.vhd sub00/vhpl47 1493409753
AR adc_fifo adc_fifo_a D:/cbradford/PulsePerPackage/GEL_CAPTAN/ipcore_dir/ADC_FIFO.vhd sub00/vhpl75 1493409781
EN rx_ctl NULL D:/cbradford/PulsePerPackage/oei/rx_ctl.vhd sub00/vhpl34 1493409740
AR filter_data_out filter_data_out_arch D:/cbradford/PulsePerPackage/oei/filter_data_out.vhd sub00/vhpl17 1493409723
AR psudocounter behavioral D:/cbradford/PulsePerPackage/GEL_CAPTAN/PsudoCounter.vhd sub00/vhpl79 1493409785
MO crc_gen NULL ../oei/crc_gen.v vlg21/crc__gen.bin 1493409707
EN pulser NULL D:/cbradford/PulsePerPackage/GEL_CAPTAN/Pulser.vhd sub00/vhpl64 1493409770
AR info_fifo_0 info_fifo_0_a D:/cbradford/PulsePerPackage/ipcore_dir/INFO_FIFO_0.vhd sub00/vhpl29 1493409735
AR pulser behavioral D:/cbradford/PulsePerPackage/GEL_CAPTAN/Pulser.vhd sub00/vhpl65 1493409771
AR psudo_data_allone behavioral D:/cbradford/PulsePerPackage/GEL_CAPTAN/psudo_data_allOne.vhd sub00/vhpl71 1493409777
EN version_blk NULL D:/cbradford/PulsePerPackage/GEL_CAPTAN/VERSION_BLK.vhd sub00/vhpl54 1493409760
AR data_send behavioral D:/cbradford/PulsePerPackage/GEL_CAPTAN/data_send.vhd sub00/vhpl69 1493409775
AR rx_ctl arch D:/cbradford/PulsePerPackage/oei/rx_ctl.vhd sub00/vhpl35 1493409741
EN peakfinder NULL D:/cbradford/PulsePerPackage/GEL_CAPTAN/PeakFinder.vhd sub00/vhpl76 1493409782
AR data_fifo_0 data_fifo_0_a D:/cbradford/PulsePerPackage/ipcore_dir/DATA_FIFO_0.vhd sub00/vhpl27 1493409733
AR ip_checksum_calc arch D:/cbradford/PulsePerPackage/oei/ip_checksum_calc.vhd sub00/vhpl09 1493409715
EN create_packet NULL D:/cbradford/PulsePerPackage/oei/create_packet.vhd sub00/vhpl10 1493409716
AR burst_controller_sm burst_controller_sm_arch D:/cbradford/PulsePerPackage/oei/burst_controller_sm.vhd sub00/vhpl33 1493409739
AR crc_splice arch D:/cbradford/PulsePerPackage/oei/crc_splice.vhd sub00/vhpl45 1493409751
AR d4_16e_mxilinx_top_level behavioral D:/cbradford/PulsePerPackage/GEL_CAPTAN/TOP_LEVEL.vhf sub00/vhpl87 1493409793
AR fd8re_mxilinx_top_level behavioral D:/cbradford/PulsePerPackage/GEL_CAPTAN/TOP_LEVEL.vhf sub00/vhpl81 1493409787
EN icmp_ping_shift_reg NULL D:/cbradford/PulsePerPackage/oei/icmp_ping_shift_reg.vhd sub00/vhpl20 1493409726
EN ethernet_fifo NULL D:/cbradford/PulsePerPackage/GEL_CAPTAN/ipcore_dir/ethernet_FIFO.vhd sub00/vhpl66 1493409772
AR ethernet_controller arch D:/cbradford/PulsePerPackage/oei/ethernet_controller.vhd sub00/vhpl41 1493409747
EN data_send NULL D:/cbradford/PulsePerPackage/GEL_CAPTAN/data_send.vhd sub00/vhpl68 1493409774
EN psudocounter NULL D:/cbradford/PulsePerPackage/GEL_CAPTAN/PsudoCounter.vhd sub00/vhpl78 1493409784
EN psudo_data_allone NULL D:/cbradford/PulsePerPackage/GEL_CAPTAN/psudo_data_allOne.vhd sub00/vhpl70 1493409776
EN icmp_ping_checksum_calc NULL D:/cbradford/PulsePerPackage/oei/icmp_ping_checksum_calc.vhd sub00/vhpl18 1493409724
AR icmp_ping_checksum_calc icmp_ping_checksum_calc_arch D:/cbradford/PulsePerPackage/oei/icmp_ping_checksum_calc.vhd sub00/vhpl19 1493409725
AR user_addrs_mux user_addrs_mux_arch D:/cbradford/PulsePerPackage/oei/user_addrs_mux.vhd sub00/vhpl25 1493409731
EN m2_1_mxilinx_top_level NULL D:/cbradford/PulsePerPackage/GEL_CAPTAN/TOP_LEVEL.vhf sub00/vhpl84 1493409790
EN buffer_10bit NULL D:/cbradford/PulsePerPackage/GEL_CAPTAN/buffer_10bit.vhd sub00/vhpl58 1493409764
AR create_packet create_packet_arch D:/cbradford/PulsePerPackage/oei/create_packet.vhd sub00/vhpl11 1493409717
EN burst_traffic_controller NULL D:/cbradford/PulsePerPackage/oei/burst_traffic_controller.vhd sub00/vhpl50 1493409756
AR or33 or33_arch D:/cbradford/PulsePerPackage/oei/or33.vhd sub00/vhpl07 1493409713
AR arp_reply arp_reply_arch D:/cbradford/PulsePerPackage/oei/arp_reply.vhd sub00/vhpl05 1493409711
EN user_addrs_mux NULL D:/cbradford/PulsePerPackage/oei/user_addrs_mux.vhd sub00/vhpl24 1493409730
EN trigger_recv_blk NULL D:/cbradford/PulsePerPackage/GEL_CAPTAN/trigger_recv_blk.vhd sub00/vhpl60 1493409766
EN mii_100_1000_handler NULL D:/cbradford/PulsePerPackage/oei/xmii_handler.vhd sub00/vhpl42 1493409748
EN crc_splice NULL D:/cbradford/PulsePerPackage/oei/crc_splice.vhd sub00/vhpl44 1493409750
AR ethernet_interface behavioral D:/cbradford/PulsePerPackage/oei/ethernet_interface.vhd sub00/vhpl63 1493409769
EN ethernet_interface NULL D:/cbradford/PulsePerPackage/oei/ethernet_interface.vhd sub00/vhpl62 1493409768
EN fd16re_mxilinx_top_level NULL D:/cbradford/PulsePerPackage/GEL_CAPTAN/TOP_LEVEL.vhf sub00/vhpl82 1493409788
EN udp_data_splicer NULL D:/cbradford/PulsePerPackage/oei/udp_data_splicer.vhd sub00/vhpl22 1493409728
AR dataout_mux dataout_mux_arch D:/cbradford/PulsePerPackage/oei/dataout_mux.vhd sub00/vhpl13 1493409719
AR data_manager behavioral D:/cbradford/PulsePerPackage/oei/data_manager.vhd sub00/vhpl49 1493409755
EN info_fifo_0 NULL D:/cbradford/PulsePerPackage/ipcore_dir/INFO_FIFO_0.vhd sub00/vhpl28 1493409734
EN arp_reply NULL D:/cbradford/PulsePerPackage/oei/arp_reply.vhd sub00/vhpl04 1493409710
MO crc_chk NULL ../oei/crc_chk.v vlg49/crc__chk.bin 1493409707
AR mii_100_1000_handler arch D:/cbradford/PulsePerPackage/oei/xmii_handler.vhd sub00/vhpl43 1493409749
PB params_package params_package D:/cbradford/PulsePerPackage/oei/params_package.vhd sub00/vhpl01 1493409707
EN mux64_8 NULL D:/cbradford/PulsePerPackage/GEL_CAPTAN/MUX64_8.vhd sub00/vhpl56 1493409762
EN top_level NULL D:/cbradford/PulsePerPackage/GEL_CAPTAN/TOP_LEVEL.vhf sub00/vhpl88 1493409794
EN decipherer NULL D:/cbradford/PulsePerPackage/oei/decipherer.vhd sub00/vhpl14 1493409720
EN addr_fifo NULL D:/cbradford/PulsePerPackage/ipcore_dir/ADDR_FIFO.vhd sub00/vhpl30 1493409736
EN clocklatchsignals NULL D:/cbradford/PulsePerPackage/GEL_CAPTAN/ClockLatchSignals.vhd sub00/vhpl72 1493409778
