AR trigger_recv_blk behavioral D:/cbradford/PulsePerPackage/GEL_CAPTAN/trigger_recv_blk.vhd sub00/vhpl61 1490994376
AR peakfinder behavioral D:/cbradford/PulsePerPackage/GEL_CAPTAN/PeakFinder.vhd sub00/vhpl79 1490994394
EN address_container NULL D:/cbradford/PulsePerPackage/oei/address_container.vhd sub00/vhpl02 1490994317
AR m2_1_mxilinx_top_level behavioral D:/cbradford/PulsePerPackage/GEL_CAPTAN/TOP_LEVEL.vhf sub00/vhpl85 1490994400
EN ethernet_controller NULL D:/cbradford/PulsePerPackage/oei/ethernet_controller.vhd sub00/vhpl40 1490994355
AR reset_mgr behavioral D:/cbradford/PulsePerPackage/oei/reset_mgr.vhd sub00/vhpl53 1490994368
EN filter_data_out NULL D:/cbradford/PulsePerPackage/oei/filter_data_out.vhd sub00/vhpl16 1490994331
PH params_package NULL D:/cbradford/PulsePerPackage/oei/params_package.vhd sub00/vhpl00 1490994315
EN ethernet_controller_wrapper NULL D:/cbradford/PulsePerPackage/oei/ethernet_controller_wrapper.vhd sub00/vhpl46 1490994361
AR addr_fifo addr_fifo_a D:/cbradford/PulsePerPackage/ipcore_dir/ADDR_FIFO.vhd sub00/vhpl31 1490994346
EN reset_mgr NULL D:/cbradford/PulsePerPackage/oei/reset_mgr.vhd sub00/vhpl52 1490994367
AR ram_comm_dec arch D:/cbradford/PulsePerPackage/oei/ram_comm_dec.vhd sub00/vhpl37 1490994352
EN ip_checksum_calc NULL D:/cbradford/PulsePerPackage/oei/ip_checksum_calc.vhd sub00/vhpl08 1490994323
EN fd8re_mxilinx_top_level NULL D:/cbradford/PulsePerPackage/GEL_CAPTAN/TOP_LEVEL.vhf sub00/vhpl80 1490994395
EN data_manager NULL D:/cbradford/PulsePerPackage/oei/data_manager.vhd sub00/vhpl48 1490994363
EN burst_controller_sm NULL D:/cbradford/PulsePerPackage/oei/burst_controller_sm.vhd sub00/vhpl32 1490994347
AR buffer_10bit behavioral D:/cbradford/PulsePerPackage/GEL_CAPTAN/buffer_10bit.vhd sub00/vhpl59 1490994374
EN dataout_mux NULL D:/cbradford/PulsePerPackage/oei/dataout_mux.vhd sub00/vhpl12 1490994327
AR burst_traffic_controller burst_traffic_controller_arch D:/cbradford/PulsePerPackage/oei/burst_traffic_controller.vhd sub00/vhpl51 1490994366
AR version_blk behavioral D:/cbradford/PulsePerPackage/GEL_CAPTAN/VERSION_BLK.vhd sub00/vhpl55 1490994370
EN data_fifo_0 NULL D:/cbradford/PulsePerPackage/ipcore_dir/DATA_FIFO_0.vhd sub00/vhpl26 1490994341
AR udp_data_splicer udp_data_splicer_arch D:/cbradford/PulsePerPackage/oei/udp_data_splicer.vhd sub00/vhpl23 1490994338
AR address_container arch D:/cbradford/PulsePerPackage/oei/address_container.vhd sub00/vhpl03 1490994318
AR top_level behavioral D:/cbradford/PulsePerPackage/GEL_CAPTAN/TOP_LEVEL.vhf sub00/vhpl89 1490994404
AR mux64_8 behavioral D:/cbradford/PulsePerPackage/GEL_CAPTAN/MUX64_8.vhd sub00/vhpl57 1490994372
EN or33 NULL D:/cbradford/PulsePerPackage/oei/or33.vhd sub00/vhpl06 1490994321
EN d4_16e_mxilinx_top_level NULL D:/cbradford/PulsePerPackage/GEL_CAPTAN/TOP_LEVEL.vhf sub00/vhpl86 1490994401
EN adc_fifo NULL D:/cbradford/PulsePerPackage/GEL_CAPTAN/ipcore_dir/ADC_FIFO.vhd sub00/vhpl76 1490994391
AR tx_seq_ctl arch D:/cbradford/PulsePerPackage/oei/tx_seq_ctl.vhd sub00/vhpl39 1490994354
AR ethernet_fifo ethernet_fifo_a D:/cbradford/PulsePerPackage/GEL_CAPTAN/ipcore_dir/ethernet_FIFO.vhd sub00/vhpl67 1490994382
AR icmp_ping_shift_reg arch D:/cbradford/PulsePerPackage/oei/icmp_ping_shift_reg.vhd sub00/vhpl21 1490994336
AR fd16re_mxilinx_top_level behavioral D:/cbradford/PulsePerPackage/GEL_CAPTAN/TOP_LEVEL.vhf sub00/vhpl83 1490994398
AR clocklatchsignals behavioral D:/cbradford/PulsePerPackage/GEL_CAPTAN/ClockLatchSignals.vhd sub00/vhpl75 1490994390
AR decipherer decipherer_arch D:/cbradford/PulsePerPackage/oei/decipherer.vhd sub00/vhpl15 1490994330
EN ram_comm_dec NULL D:/cbradford/PulsePerPackage/oei/ram_comm_dec.vhd sub00/vhpl36 1490994351
EN tx_seq_ctl NULL D:/cbradford/PulsePerPackage/oei/tx_seq_ctl.vhd sub00/vhpl38 1490994353
AR adc_fifo adc_fifo_a D:/cbradford/PulsePerPackage/GEL_CAPTAN/ipcore_dir/ADC_FIFO.vhd sub00/vhpl77 1490994392
AR ethernet_controller_wrapper arch D:/cbradford/PulsePerPackage/oei/ethernet_controller_wrapper.vhd sub00/vhpl47 1490994362
EN rx_ctl NULL D:/cbradford/PulsePerPackage/oei/rx_ctl.vhd sub00/vhpl34 1490994349
AR filter_data_out filter_data_out_arch D:/cbradford/PulsePerPackage/oei/filter_data_out.vhd sub00/vhpl17 1490994332
AR psudodata behavioral D:/cbradford/PulsePerPackage/GEL_CAPTAN/psudoData.vhd sub00/vhpl71 1490994386
MO crc_gen NULL ../oei/crc_gen.v vlg21/crc__gen.bin 1490994315
EN pulser NULL D:/cbradford/PulsePerPackage/GEL_CAPTAN/Pulser.vhd sub00/vhpl64 1490994379
AR info_fifo_0 info_fifo_0_a D:/cbradford/PulsePerPackage/ipcore_dir/INFO_FIFO_0.vhd sub00/vhpl29 1490994344
AR pulser behavioral D:/cbradford/PulsePerPackage/GEL_CAPTAN/Pulser.vhd sub00/vhpl65 1490994380
AR psudo_data_allone behavioral D:/cbradford/PulsePerPackage/GEL_CAPTAN/psudo_data_allOne.vhd sub00/vhpl73 1490994388
EN version_blk NULL D:/cbradford/PulsePerPackage/GEL_CAPTAN/VERSION_BLK.vhd sub00/vhpl54 1490994369
AR data_send behavioral D:/cbradford/PulsePerPackage/GEL_CAPTAN/data_send.vhd sub00/vhpl69 1490994384
AR rx_ctl arch D:/cbradford/PulsePerPackage/oei/rx_ctl.vhd sub00/vhpl35 1490994350
EN peakfinder NULL D:/cbradford/PulsePerPackage/GEL_CAPTAN/PeakFinder.vhd sub00/vhpl78 1490994393
AR data_fifo_0 data_fifo_0_a D:/cbradford/PulsePerPackage/ipcore_dir/DATA_FIFO_0.vhd sub00/vhpl27 1490994342
AR ip_checksum_calc arch D:/cbradford/PulsePerPackage/oei/ip_checksum_calc.vhd sub00/vhpl09 1490994324
EN create_packet NULL D:/cbradford/PulsePerPackage/oei/create_packet.vhd sub00/vhpl10 1490994325
AR burst_controller_sm burst_controller_sm_arch D:/cbradford/PulsePerPackage/oei/burst_controller_sm.vhd sub00/vhpl33 1490994348
AR crc_splice arch D:/cbradford/PulsePerPackage/oei/crc_splice.vhd sub00/vhpl45 1490994360
AR d4_16e_mxilinx_top_level behavioral D:/cbradford/PulsePerPackage/GEL_CAPTAN/TOP_LEVEL.vhf sub00/vhpl87 1490994402
AR fd8re_mxilinx_top_level behavioral D:/cbradford/PulsePerPackage/GEL_CAPTAN/TOP_LEVEL.vhf sub00/vhpl81 1490994396
EN icmp_ping_shift_reg NULL D:/cbradford/PulsePerPackage/oei/icmp_ping_shift_reg.vhd sub00/vhpl20 1490994335
EN ethernet_fifo NULL D:/cbradford/PulsePerPackage/GEL_CAPTAN/ipcore_dir/ethernet_FIFO.vhd sub00/vhpl66 1490994381
AR ethernet_controller arch D:/cbradford/PulsePerPackage/oei/ethernet_controller.vhd sub00/vhpl41 1490994356
EN data_send NULL D:/cbradford/PulsePerPackage/GEL_CAPTAN/data_send.vhd sub00/vhpl68 1490994383
EN psudo_data_allone NULL D:/cbradford/PulsePerPackage/GEL_CAPTAN/psudo_data_allOne.vhd sub00/vhpl72 1490994387
EN icmp_ping_checksum_calc NULL D:/cbradford/PulsePerPackage/oei/icmp_ping_checksum_calc.vhd sub00/vhpl18 1490994333
AR icmp_ping_checksum_calc icmp_ping_checksum_calc_arch D:/cbradford/PulsePerPackage/oei/icmp_ping_checksum_calc.vhd sub00/vhpl19 1490994334
AR user_addrs_mux user_addrs_mux_arch D:/cbradford/PulsePerPackage/oei/user_addrs_mux.vhd sub00/vhpl25 1490994340
EN m2_1_mxilinx_top_level NULL D:/cbradford/PulsePerPackage/GEL_CAPTAN/TOP_LEVEL.vhf sub00/vhpl84 1490994399
EN psudodata NULL D:/cbradford/PulsePerPackage/GEL_CAPTAN/psudoData.vhd sub00/vhpl70 1490994385
EN buffer_10bit NULL D:/cbradford/PulsePerPackage/GEL_CAPTAN/buffer_10bit.vhd sub00/vhpl58 1490994373
AR create_packet create_packet_arch D:/cbradford/PulsePerPackage/oei/create_packet.vhd sub00/vhpl11 1490994326
EN burst_traffic_controller NULL D:/cbradford/PulsePerPackage/oei/burst_traffic_controller.vhd sub00/vhpl50 1490994365
AR or33 or33_arch D:/cbradford/PulsePerPackage/oei/or33.vhd sub00/vhpl07 1490994322
AR arp_reply arp_reply_arch D:/cbradford/PulsePerPackage/oei/arp_reply.vhd sub00/vhpl05 1490994320
EN user_addrs_mux NULL D:/cbradford/PulsePerPackage/oei/user_addrs_mux.vhd sub00/vhpl24 1490994339
EN trigger_recv_blk NULL D:/cbradford/PulsePerPackage/GEL_CAPTAN/trigger_recv_blk.vhd sub00/vhpl60 1490994375
EN mii_100_1000_handler NULL D:/cbradford/PulsePerPackage/oei/xmii_handler.vhd sub00/vhpl42 1490994357
EN crc_splice NULL D:/cbradford/PulsePerPackage/oei/crc_splice.vhd sub00/vhpl44 1490994359
AR ethernet_interface behavioral D:/cbradford/PulsePerPackage/oei/ethernet_interface.vhd sub00/vhpl63 1490994378
EN ethernet_interface NULL D:/cbradford/PulsePerPackage/oei/ethernet_interface.vhd sub00/vhpl62 1490994377
EN fd16re_mxilinx_top_level NULL D:/cbradford/PulsePerPackage/GEL_CAPTAN/TOP_LEVEL.vhf sub00/vhpl82 1490994397
EN udp_data_splicer NULL D:/cbradford/PulsePerPackage/oei/udp_data_splicer.vhd sub00/vhpl22 1490994337
AR dataout_mux dataout_mux_arch D:/cbradford/PulsePerPackage/oei/dataout_mux.vhd sub00/vhpl13 1490994328
AR data_manager behavioral D:/cbradford/PulsePerPackage/oei/data_manager.vhd sub00/vhpl49 1490994364
EN info_fifo_0 NULL D:/cbradford/PulsePerPackage/ipcore_dir/INFO_FIFO_0.vhd sub00/vhpl28 1490994343
EN arp_reply NULL D:/cbradford/PulsePerPackage/oei/arp_reply.vhd sub00/vhpl04 1490994319
MO crc_chk NULL ../oei/crc_chk.v vlg49/crc__chk.bin 1490994315
AR mii_100_1000_handler arch D:/cbradford/PulsePerPackage/oei/xmii_handler.vhd sub00/vhpl43 1490994358
PB params_package params_package D:/cbradford/PulsePerPackage/oei/params_package.vhd sub00/vhpl01 1490994316
EN mux64_8 NULL D:/cbradford/PulsePerPackage/GEL_CAPTAN/MUX64_8.vhd sub00/vhpl56 1490994371
EN top_level NULL D:/cbradford/PulsePerPackage/GEL_CAPTAN/TOP_LEVEL.vhf sub00/vhpl88 1490994403
EN decipherer NULL D:/cbradford/PulsePerPackage/oei/decipherer.vhd sub00/vhpl14 1490994329
EN addr_fifo NULL D:/cbradford/PulsePerPackage/ipcore_dir/ADDR_FIFO.vhd sub00/vhpl30 1490994345
EN clocklatchsignals NULL D:/cbradford/PulsePerPackage/GEL_CAPTAN/ClockLatchSignals.vhd sub00/vhpl74 1490994389
